---
source: tui/src/history_cell/tests.rs
assertion_line: 1375
expression: rendered
---
╭─────────────────────────────────────────────────╮
│ ✨ Update available! 0.155.0 -> 9.9.9           │
│ Run pnpm add -g @openai/kodex to update.        │
│                                                 │
│ See full release notes:                         │
│ https://github.com/dsvolk/kodex/releases/latest │
╰─────────────────────────────────────────────────╯
