---
source: tui/src/history_cell/tests.rs
assertion_line: 1366
expression: rendered
---
╭────────────────────────────────────────────────────────────────────────────────────────────────────────────╮
│ ✨ Update available! 0.155.0 -> 9.9.9                                                                      │
│ Run powershell -ExecutionPolicy Bypass -c '$env:KODEX_NON_INTERACTIVE=1; irm                               │
│ https://chatgpt.com/kodex/install.ps1 | iex' to update.                                                    │
│                                                                                                            │
│ See full release notes:                                                                                    │
│ https://github.com/dsvolk/kodex/releases/latest                                                            │
╰────────────────────────────────────────────────────────────────────────────────────────────────────────────╯
