---
source: tui/src/history_cell/tests.rs
assertion_line: 1357
expression: rendered
---
╭─────────────────────────────────────────────────────────────────────────────────────────────────────╮
│ ✨ Update available! 0.155.0 -> 9.9.9                                                               │
│ Run sh -c 'curl -fsSL https://chatgpt.com/kodex/install.sh | KODEX_NON_INTERACTIVE=1 sh' to update. │
│                                                                                                     │
│ See full release notes:                                                                             │
│ https://github.com/dsvolk/kodex/releases/latest                                                     │
╰─────────────────────────────────────────────────────────────────────────────────────────────────────╯
