---
source: tui/src/bottom_pane/feedback_view.rs
assertion_line: 728
expression: rendered
---
Upload logs?

The following files will be sent:
  • kodex-logs.log
  • kodex-doctor-report.json
  • kodex-apps-tools-cache.json (if available)
  • kodex-app-directory-cache.json (if available)
  • rollout.jsonl
  • auto-review-rollout.jsonl
